\BOOKMARK [0][-]{chapter.1}{Débuts}{}% 1
\BOOKMARK [0][-]{64 Enfin~!!!.0}{64\040Enfin\040!!!}{}% 2
\BOOKMARK [0][-]{Premier contact.0}{Premier\040contact}{}% 3
\BOOKMARK [0][-]{Première WIG.0}{Première WIG}{}% 4
\BOOKMARK [0][-]{Cap sur les figuiers.0}{Cap\040sur\040les\040figuiers}{}% 5
\BOOKMARK [0][-]{Première cache en Asie.0}{Première cache en Asie}{}% 6
\BOOKMARK [0][-]{Visite à l'hôtel.0}{Visite à l'hôtel}{}% 7
\BOOKMARK [0][-]{Premier évent.0}{Premier évent}{}% 8
\BOOKMARK [0][-]{chapter.2}{À vos marques, prêts, partez !}{}% 9
\BOOKMARK [0][-]{Création du PeyoLand.0}{Création du PeyoLand}{}% 10
\BOOKMARK [0][-]{Visite à l'hôtel.0}{Visite à l'hôtel}{}% 11
\BOOKMARK [0][-]{Le jour du poisson.0}{Le\040jour\040du\040poisson}{}% 12
\BOOKMARK [0][-]{La fin du plat.0}{La\040fin\040du\040plat}{}% 13
\BOOKMARK [0][-]{Des coordonnées louches pour une belle vue.0}{Des coordonnées louches pour une belle vue}{}% 14
\BOOKMARK [0][-]{Premières fumées girondines.0}{Premières fumées girondines}{}% 15
\BOOKMARK [0][-]{La Chasse au Trésor.0}{La Chasse au Trésor}{}% 16
\BOOKMARK [0][-]{Attrapés par le landais.0}{Attrapés par le landais}{}% 17
\BOOKMARK [0][-]{Fin des Mystères niçois.0}{Fin des Mystères niçois}{}% 18
\BOOKMARK [0][-]{chapter.3}{KasiMega}{}% 19
\BOOKMARK [0][-]{Retour au pays des kiwis.0}{Retour\040au\040pays\040des\040kiwis}{}% 20
\BOOKMARK [0][-]{Première étape de montagne.0}{Première étape de montagne}{}% 21
\BOOKMARK [0][-]{chapter.4}{La\040croix\040basque}{}% 22
\BOOKMARK [0][-]{La croix basque est complète.0}{La croix basque est complète}{}% 23
\BOOKMARK [0][-]{chapter.5}{Premières berlinoises}{}% 24
\BOOKMARK [0][-]{Markdown débarque, une calamité !.0}{Markdown débarque, une calamité !}{}% 25
\BOOKMARK [0][-]{L'émergence des émojis.0}{L'émergence des émojis}{}% 26
\BOOKMARK [0][-]{Les bonus du Comté.0}{Les bonus du Comté}{}% 27
\BOOKMARK [0][-]{chapter.6}{Bienvenus\040en\040Hongrie}{}% 28
\BOOKMARK [0][-]{chapter.7}{Déluge de sigles}{}% 29
\BOOKMARK [0][-]{Le capharnaüm.0}{Le capharnaüm}{}% 30
\BOOKMARK [0][-]{Le 64.0}{Le\04064}{}% 31
